A51 MACRO ASSEMBLER  ______1                                                              05/04/2023 20:09:37 PAGE     1


MACRO ASSEMBLER A51 V8.02c
OBJECT MODULE PLACED IN .\Objects\单片机1.obj
ASSEMBLER INVOKED BY: C:\Keil_v5\C51\BIN\A51.EXE 单片机1.ASM SET(SMALL) DEBUG PRINT(.\Listings\单片机1.lst) OBJECT(.\Obj
                      ects\单片机1.obj) EP

LOC  OBJ            LINE     SOURCE

0000                   1     ORG 00H
0000 0102              2             AJMP START
0002 759840            3             START:MOV SCON,#40H
0005 758920            4             MOV TMOD,#20H
0008 758DFA            5             MOV TH1,#0FAH
000B 758BFA            6             MOV TL1,#0FAH
000E D28E              7             SETB TR1
0010 753000            8             MOV 30H,#00H
0013 E590              9             READ:MOV A,P1
0015 B53002           10             CJNE A,30H,SEND
0018 80F9             11             JMP READ
001A F530             12             SEND:MOV 30H,A
001C F599             13             MOV SBUF,A
001E 10B5F2           14             WAIT:JBC T1,READ
0021 011E             15             AJMP WAIT
                      16     END
A51 MACRO ASSEMBLER  ______1                                                              05/04/2023 20:09:37 PAGE     2

SYMBOL TABLE LISTING
------ ----- -------


N A M E             T Y P E  V A L U E   ATTRIBUTES

P1 . . . . . . . .  D ADDR   0090H   A   
READ . . . . . . .  C ADDR   0013H   A   
SBUF . . . . . . .  D ADDR   0099H   A   
SCON . . . . . . .  D ADDR   0098H   A   
SEND . . . . . . .  C ADDR   001AH   A   
START. . . . . . .  C ADDR   0002H   A   
T1 . . . . . . . .  B ADDR   00B0H.5 A   
TH1. . . . . . . .  D ADDR   008DH   A   
TL1. . . . . . . .  D ADDR   008BH   A   
TMOD . . . . . . .  D ADDR   0089H   A   
TR1. . . . . . . .  B ADDR   0088H.6 A   
WAIT . . . . . . .  C ADDR   001EH   A   


REGISTER BANK(S) USED: 0 


ASSEMBLY COMPLETE.  0 WARNING(S), 0 ERROR(S)
