C51 COMPILER V9.54   ____89C51__                                                           06/25/2023 21:39:50 PAGE 1   


C51 COMPILER V9.54, COMPILATION OF MODULE ____89C51__
OBJECT MODULE PLACED IN .\Objects\红外89c51改.obj
COMPILER INVOKED BY: C:\Keil_v5\C51\BIN\C51.EXE 红外89c51改.c OPTIMIZE(8,SPEED) BROWSE DEBUG OBJECTEXTEND PRINT(.\Listin
                    -gs\红外89c51改.lst) TABS(2) OBJECT(.\Objects\红外89c51改.obj)

line level    source

   1          #include <REGX51.H>
   2          #include <intrins.h>
   3          sbit hw=P1^7;
   4          sbit bell=P2^0;
   5          sbit led=P2^7;
   6          void delay100us()   //@12.000MHz
   7          {
   8   1        unsigned char i;
   9   1      
  10   1        _nop_();
  11   1        i = 47;
  12   1        while (--i);
  13   1      }
  14          void main()
  15          {
  16   1        P3=0xff;
  17   1        bell=1;
  18   1        led=1;
  19   1        while(1)
  20   1        {
  21   2          if(hw==0)
  22   2          {
  23   3            //bell=1; //(实物)
  24   3            bell=!bell; //(仿真)
  25   3            led=0;
  26   3            delay100us();
  27   3          }
  28   2          else
  29   2          {
  30   3            bell=0;
  31   3            led=1;
  32   3          }
  33   2        }
  34   1      }


MODULE INFORMATION:   STATIC OVERLAYABLE
   CODE SIZE        =     31    ----
   CONSTANT SIZE    =   ----    ----
   XDATA SIZE       =   ----    ----
   PDATA SIZE       =   ----    ----
   DATA SIZE        =   ----    ----
   IDATA SIZE       =   ----    ----
   BIT SIZE         =   ----    ----
END OF MODULE INFORMATION.


C51 COMPILATION COMPLETE.  0 WARNING(S),  0 ERROR(S)
