BL51 BANKED LINKER/LOCATER V6.22                                                        04/27/2023  11:25:16  PAGE 1


BL51 BANKED LINKER/LOCATER V6.22, INVOKED BY:
C:\KEIL_V5\C51\BIN\BL51.EXE .\Objects\°Ë¸öµÆ¿ÎÌÃ.obj TO .\Objects\ÖÐ¶ÏÆ÷°Ë¸öµÆ PRINT (.\Listings\ÖÐ¶ÏÆ÷°Ë¸öµÆ.m51)


MEMORY MODEL: SMALL


INPUT MODULES INCLUDED:
  .\Objects\°Ë¸öµÆ¿ÎÌÃ.obj (__________)
  C:\KEIL_V5\C51\LIB\C51S.LIB (?C_STARTUP)
  C:\KEIL_V5\C51\LIB\C51S.LIB (?C_INIT)


LINK MAP OF MODULE:  .\Objects\ÖÐ¶ÏÆ÷°Ë¸öµÆ (__________)


            TYPE    BASE      LENGTH    RELOCATION   SEGMENT NAME
            -----------------------------------------------------

            * * * * * * *   D A T A   M E M O R Y   * * * * * * *
            REG     0000H     0008H     ABSOLUTE     "REG BANK 0"
            DATA    0008H     005BH     UNIT         ?DT?__________
            DATA    0063H     0002H     UNIT         _DATA_GROUP_
            IDATA   0065H     0001H     UNIT         ?STACK

            * * * * * * *   C O D E   M E M O R Y   * * * * * * *
            CODE    0000H     0003H     ABSOLUTE     
            CODE    0003H     0003H     ABSOLUTE     
                    0006H     000DH                  *** GAP ***
            CODE    0013H     0003H     ABSOLUTE     
            CODE    0016H     008CH     UNIT         ?C_C51STARTUP
            CODE    00A2H     0067H     UNIT         ?PR?INT0?__________
            CODE    0109H     0060H     UNIT         ?C_INITSEG
            CODE    0169H     0023H     UNIT         ?PR?INT1?__________
            CODE    018CH     0021H     UNIT         ?PR?DELAY?__________
            CODE    01ADH     0021H     UNIT         ?PR?MAIN?__________



OVERLAY MAP OF MODULE:   .\Objects\ÖÐ¶ÏÆ÷°Ë¸öµÆ (__________)


SEGMENT                          DATA_GROUP 
  +--> CALLED SEGMENT          START    LENGTH
----------------------------------------------
?PR?INT0?__________            0063H    0001H
  +--> ?PR?DELAY?__________

*** NEW ROOT ***************************************************

?PR?INT1?__________            -----    -----
  +--> ?PR?DELAY?__________

*** NEW ROOT ***************************************************

?C_C51STARTUP                  -----    -----
  +--> ?PR?MAIN?__________
  +--> ?C_INITSEG
BL51 BANKED LINKER/LOCATER V6.22                                                      04/27/2023  11:25:16  PAGE 2



?PR?MAIN?__________            0064H    0001H
  +--> ?PR?DELAY?__________



SYMBOL TABLE OF MODULE:  .\Objects\ÖÐ¶ÏÆ÷°Ë¸öµÆ (__________)

  VALUE           TYPE          NAME
  ----------------------------------

  -------         MODULE        __________
  C:0000H         SYMBOL        _ICE_DUMMY_
  D:0080H         PUBLIC        P0
  D:00A8H         PUBLIC        IE
  B:0090H.0       PUBLIC        P1_0
  C:018CH         PUBLIC        delay
  D:00B8H         PUBLIC        IP
  C:01ADH         PUBLIC        main
  D:0088H         PUBLIC        TCON
  D:0008H         PUBLIC        a
  D:0009H         PUBLIC        tab1
  D:0023H         PUBLIC        tab2
  C:00A2H         PUBLIC        int0
  C:0169H         PUBLIC        int1
  -------         PROC          DELAY
  -------         DO            
  D:0006H         SYMBOL        i
  D:0004H         SYMBOL        j
  -------         ENDDO         
  C:018CH         LINE#         9
  C:018CH         LINE#         10
  C:018CH         LINE#         12
  C:018FH         LINE#         13
  C:0192H         LINE#         14
  C:01ACH         LINE#         15
  -------         ENDPROC       DELAY
  -------         PROC          INT0
  -------         DO            
  D:0063H         SYMBOL        i
  D:0063H         SYMBOL        i
  -------         ENDDO         
  -------         DO            
  D:0063H         SYMBOL        i
  -------         ENDDO         
  C:00A2H         LINE#         16
  C:00B3H         LINE#         18
  C:00B5H         LINE#         19
  C:00BAH         LINE#         20
  C:00BAH         LINE#         22
  C:00BDH         LINE#         23
  C:00BDH         LINE#         24
  C:00C8H         LINE#         25
  C:00CBH         LINE#         26
  C:00D6H         LINE#         27
  C:00D6H         LINE#         28
  C:00DBH         LINE#         29
BL51 BANKED LINKER/LOCATER V6.22                                                      04/27/2023  11:25:16  PAGE 3


  C:00DBH         LINE#         31
  C:00DEH         LINE#         32
  C:00DEH         LINE#         33
  C:00E9H         LINE#         34
  C:00ECH         LINE#         35
  C:00F7H         LINE#         36
  C:00FAH         LINE#         37
  C:00FAH         LINE#         38
  -------         ENDPROC       INT0
  -------         PROC          INT1
  C:0169H         LINE#         39
  C:0178H         LINE#         41
  C:017AH         LINE#         42
  C:017DH         LINE#         43
  C:017FH         LINE#         44
  -------         ENDPROC       INT1
  -------         PROC          MAIN
  -------         DO            
  D:0064H         SYMBOL        x
  -------         ENDDO         
  C:01ADH         LINE#         45
  C:01ADH         LINE#         46
  C:01ADH         LINE#         47
  C:01B0H         LINE#         48
  C:01B3H         LINE#         49
  C:01B6H         LINE#         50
  C:01B8H         LINE#         51
  C:01B8H         LINE#         52
  C:01B8H         LINE#         54
  C:01BBH         LINE#         55
  C:01BBH         LINE#         56
  C:01BEH         LINE#         57
  C:01C1H         LINE#         58
  -------         ENDPROC       MAIN
  -------         ENDMOD        __________

Program Size: data=102.0 xdata=0 code=449
LINK/LOCATE RUN COMPLETE.  0 WARNING(S),  0 ERROR(S)
