BL51 BANKED LINKER/LOCATER V6.22                                                        01/18/2024  22:09:41  PAGE 1


BL51 BANKED LINKER/LOCATER V6.22, INVOKED BY:
F:\IDE\KEIL5\C51\BIN\BL51.EXE .\Objects\STARTUP.obj, .\Objects\main.obj TO .\Objects\test PRINT (.\Listings\test.m51) RA
>> MSIZE (256)


MEMORY MODEL: SMALL


INPUT MODULES INCLUDED:
  .\Objects\STARTUP.obj (?C_STARTUP)
  .\Objects\main.obj (MAIN)


LINK MAP OF MODULE:  .\Objects\test (?C_STARTUP)


            TYPE    BASE      LENGTH    RELOCATION   SEGMENT NAME
            -----------------------------------------------------

            * * * * * * *   D A T A   M E M O R Y   * * * * * * *
            REG     0000H     0008H     ABSOLUTE     "REG BANK 0"
            DATA    0008H     0002H     UNIT         _DATA_GROUP_
            IDATA   000AH     0001H     UNIT         ?STACK

            * * * * * * *   C O D E   M E M O R Y   * * * * * * *
            CODE    0000H     0003H     ABSOLUTE     
            CODE    0003H     004EH     UNIT         ?PR?MAIN?MAIN
            CODE    0051H     0015H     UNIT         ?PR?_DELAY?MAIN
            CODE    0066H     000CH     UNIT         ?C_C51STARTUP



OVERLAY MAP OF MODULE:   .\Objects\test (?C_STARTUP)


SEGMENT                          DATA_GROUP 
  +--> CALLED SEGMENT          START    LENGTH
----------------------------------------------
?C_C51STARTUP                  -----    -----
  +--> ?PR?MAIN?MAIN

?PR?MAIN?MAIN                  0008H    0002H
  +--> ?PR?_DELAY?MAIN



SYMBOL TABLE OF MODULE:  .\Objects\test (?C_STARTUP)

  VALUE           TYPE          NAME
  ----------------------------------

  -------         MODULE        ?C_STARTUP
  C:0066H         SEGMENT       ?C_C51STARTUP
  I:000AH         SEGMENT       ?STACK
  C:0000H         PUBLIC        ?C_STARTUP
  D:00E0H         SYMBOL        ACC
  D:00F0H         SYMBOL        B
  D:0083H         SYMBOL        DPH
BL51 BANKED LINKER/LOCATER V6.22                                                      01/18/2024  22:09:41  PAGE 2


  D:0082H         SYMBOL        DPL
  N:0000H         SYMBOL        IBPSTACK
  N:0100H         SYMBOL        IBPSTACKTOP
  N:0080H         SYMBOL        IDATALEN
  C:0069H         SYMBOL        IDATALOOP
  N:0000H         SYMBOL        PBPSTACK
  N:0100H         SYMBOL        PBPSTACKTOP
  N:0000H         SYMBOL        PDATALEN
  N:0000H         SYMBOL        PDATASTART
  N:0000H         SYMBOL        PPAGE
  N:0000H         SYMBOL        PPAGEENABLE
  D:00A0H         SYMBOL        PPAGE_SFR
  D:0081H         SYMBOL        SP
  C:0066H         SYMBOL        STARTUP1
  N:0000H         SYMBOL        XBPSTACK
  N:0000H         SYMBOL        XBPSTACKTOP
  N:0000H         SYMBOL        XDATALEN
  N:0000H         SYMBOL        XDATASTART
  C:0000H         LINE#         126
  C:0066H         LINE#         133
  C:0068H         LINE#         134
  C:0069H         LINE#         135
  C:006AH         LINE#         136
  C:006CH         LINE#         185
  C:006FH         LINE#         196
  -------         ENDMOD        ?C_STARTUP

  -------         MODULE        MAIN
  C:0000H         SYMBOL        _ICE_DUMMY_
  D:00A0H         PUBLIC        P2
  C:0003H         PUBLIC        main
  B:00A0H.0       PUBLIC        LED
  C:005BH         PUBLIC        _Delay
  -------         PROC          L?0016
  -------         ENDPROC       L?0016
  -------         PROC          _DELAY
  D:0006H         SYMBOL        t
  C:005BH         LINE#         6
  C:005BH         LINE#         7
  C:005BH         LINE#         8
  C:0065H         LINE#         9
  -------         ENDPROC       _DELAY
  -------         PROC          MAIN
  -------         DO            
  D:0008H         SYMBOL        Time
  -------         ENDDO         
  C:0003H         LINE#         11
  C:0003H         LINE#         12
  C:0003H         LINE#         13
  C:0003H         LINE#         14
  C:0003H         LINE#         17
  C:0008H         LINE#         18
  C:0008H         LINE#         19
  C:000AH         LINE#         20
  C:0011H         LINE#         21
  C:0013H         LINE#         22
  C:0017H         LINE#         23
BL51 BANKED LINKER/LOCATER V6.22                                                      01/18/2024  22:09:41  PAGE 3


  C:0028H         LINE#         25
  C:0039H         LINE#         26
  C:0039H         LINE#         27
  C:003BH         LINE#         28
  C:0042H         LINE#         29
  C:0044H         LINE#         30
  C:0047H         LINE#         31
  -------         ENDPROC       MAIN
  -------         ENDMOD        MAIN

Program Size: data=11.0 xdata=0 code=114
LINK/LOCATE RUN COMPLETE.  0 WARNING(S),  0 ERROR(S)
