A51 MACRO ASSEMBLER  ________                                                             03/30/2023 19:55:53 PAGE     1


MACRO ASSEMBLER A51 V8.02c
OBJECT MODULE PLACED IN .\Objects\清零程序.obj
ASSEMBLER INVOKED BY: C:\Keil_v5\C51\BIN\A51.EXE 清零程序.ASM SET(SMALL) DEBUG PRINT(.\Listings\清零程序.lst) OBJECT(.\O
                      bjects\清零程序.obj) EP

LOC  OBJ            LINE     SOURCE

0030                   1     ORG 0030H
0030 780A              2             MOV R0,#10
0032 7930              3             MOV R1,#30H
0034 E4                4             CLEAR:CLR A
0035 F7                5             MOV @R1,A
0036 09                6             INC R1
0037 D8FB              7             DJNZ R0,CLEAR
0039 80FE              8             SJMP $
                       9     END
A51 MACRO ASSEMBLER  ________                                                             03/30/2023 19:55:53 PAGE     2

SYMBOL TABLE LISTING
------ ----- -------


N A M E             T Y P E  V A L U E   ATTRIBUTES

CLEAR. . . . . . .  C ADDR   0034H   A   


REGISTER BANK(S) USED: 0 


ASSEMBLY COMPLETE.  0 WARNING(S), 0 ERROR(S)
